/ai-inventor/aii_data/runs/run_CbJDs3opF7E_/3_invention_loop/iter_4/gen_art/gen_art_experiment_1/.venv/lib/python3.12/site-packages/huggingface_hub/constants.py:310: FutureWarning: The `HF_HUB_ENABLE_HF_TRANSFER` environment variable is deprecated as 'hf_transfer' is not used anymore. Please use `HF_XET_HIGH_PERFORMANCE` instead to enable high performance transfer with Xet. Visit https://huggingface.co/docs/huggingface_hub/package_reference/environment_variables#hfxethighperformance for more details.
  warnings.warn(
00:34:59|INFO   |=== iteration-4 replication run, tier=full ===
00:34:59|INFO   |host: 48 cpu, 270 GB RAM, cuda=True, free disk 35 GB
00:35:00|INFO   |reuse manifest: 63 rows, byte-identity PASS
00:35:43|INFO   |T0 unit tests: 10/10 PASS
00:35:43|INFO   |corpus assertions PASS: 2113 rows, 8 blocks
00:35:43|INFO   |panel: 54 members over 29 lineage labels (22 new), waves {'0': 19, '1': 22, '2': 8, '3': 5}
00:35:43|INFO   |paraphrase sets: A n_pairs=16, B n_pairs=16
00:35:43|INFO   |prereg_iter4.json written, sha256=12a126dc07d804da4ff9aa935031001a842591f8959f374c7580cc736d5e8ab8, content_sha256=b6ac89940c8503551b972a3dfae90bad139f11782c7f90d005a8a66aa93413ea
00:35:43|INFO   |judge cache loaded: 7958 entries
00:35:43|INFO   |[1/54] l1_instruct: cached, skipped
00:35:43|INFO   |[2/54] l1_abliterated: cached, skipped
00:35:43|INFO   |[3/54] l1_base: cached, skipped
00:35:43|INFO   |[4/54] l6_instruct: cached, skipped
00:35:43|INFO   |[5/54] l6_base: cached, skipped
00:35:43|INFO   |[6/54] l3_instruct: cached, skipped
00:35:43|INFO   |[7/54] l3_abliterated: cached, skipped
00:35:43|INFO   |[8/54] l3_base: cached, skipped
00:35:43|INFO   |[9/54] l4_instruct: cached, skipped
00:35:43|INFO   |[10/54] l4_abliterated: cached, skipped
00:35:43|INFO   |[11/54] l4_base: cached, skipped
00:35:43|INFO   |[12/54] l2_instruct: cached, skipped
00:35:43|INFO   |[13/54] l2_abliterated: cached, skipped
00:35:43|INFO   |[14/54] l2_uncensored: cached, skipped
00:35:43|INFO   |[15/54] l2_base: cached, skipped
00:35:43|INFO   |[16/54] l5_instruct: cached, skipped
00:35:43|INFO   |[17/54] l5_base: cached, skipped
00:35:43|INFO   |[18/54] l7_instruct: cached, skipped
00:35:43|INFO   |[19/54] l7_base: cached, skipped
00:35:43|INFO   |[20/54] n_huggingfacetb_smollm2_135m_instruct: cached, skipped
00:35:43|INFO   |[21/54] n_unfilteredai_mia_001: cached, skipped
00:35:43|INFO   |[22/54] n_eleutherai_pythia_160m: cached, skipped
00:35:43|INFO   |[23/54] n_qwen_qwen2_5_0_5b_instruct: cached, skipped
00:35:43|INFO   |[24/54] n_h2oai_h2o_danube3_500m_chat: cached, skipped
00:35:43|INFO   |[25/54] n_eleutherai_pythia_410m: cached, skipped
00:35:44|INFO   |[26/54] n_unfilteredai_unfilteredai_1b: cached, skipped
00:35:44|INFO   |[27/54] n_unfilteredai_badmistral_1_5b: cached, skipped
00:35:44|INFO   |[28/54] n_tiiuae_falcon3_1b_instruct: cached, skipped
00:35:44|INFO   |[29/54] n_unfilteredai_helvete_nano: cached, skipped
00:35:44|INFO   |[30/54] n_eleutherai_pythia_1b: cached, skipped
00:35:44|INFO   |[31/54] n_unfilteredai_promt_generator: cached, skipped
00:35:44|INFO   |[32/54] n_unfilteredai_nsfw_flash: cached, skipped
00:35:44|INFO   |[33/54] n_allenai_olmo_1b_hf: cached, skipped
00:35:44|INFO   |[34/54] n_ibm_granite_granite_3_1_2b_instruct: cached, skipped
00:35:44|INFO   |[35/54] n_google_gemma_2_2b_it: cached, skipped
00:35:44|INFO   |[36/54] n_eleutherai_pythia_1_4b: cached, skipped
00:35:44|INFO   |[37/54] n_meta_llama_llama_3_2_3b_instruct: cached, skipped
00:35:44|INFO   |[38/54] n_goekdeniz_guelmez_josiefied_qwen2_5_3b_instruct_abliterated_v1: cached, skipped
00:35:44|INFO   |[39/54] n_reallexi_lexi_coder_v4_3: cached, skipped
00:35:44|INFO   |[40/54] n_qwen_qwen3_4b: cached, skipped
00:35:44|INFO   |[41/54] n_goekdeniz_guelmez_josiefied_qwen3_4b_instruct_2507_gabliterated_v2: cached, skipped
00:35:44|INFO   |[42/54] n_huggingfacetb_smollm2_135m: cached, skipped
00:35:44|INFO   |[43/54] n_qwen_qwen2_5_0_5b: cached, skipped
00:35:44|INFO   |[44/54] n_h2oai_h2o_danube3_500m_base: cached, skipped
00:35:44|INFO   |[45/54] n_tiiuae_falcon3_1b_base: cached, skipped
00:35:44|INFO   |[46/54] n_ibm_granite_granite_3_1_2b_base: cached, skipped
00:35:44|INFO   |[47/54] n_huihui_ai_llama_3_2_3b_instruct_abliterated: cached, skipped
00:35:44|INFO   |[48/54] n_reallexi_lexi_coder_v4_1: cached, skipped
00:35:44|INFO   |[49/54] n_qwen_qwen3_4b_base: cached, skipped
00:35:44|INFO   |[50/54] n_reallexi_lexi_rm_agent: cached, skipped
00:35:44|INFO   |[51/54] n_huihui_ai_qwen2_5_0_5b_instruct_abliterated: cached, skipped
00:35:44|INFO   |[52/54] n_reallexi_lexi_resume_v6: cached, skipped
00:35:44|INFO   |[53/54] n_huihui_ai_huihui_qwen3_0_6b_abliterated_v2: cached, skipped
00:35:44|INFO   |[54/54] n_cognitivecomputations_tinydolphin_2_8_1_1b: cached, skipped
00:35:44|INFO   |calibration: archived and new y treated as COMMENSURABLE; pooled analysis is the headline
00:35:44|INFO   |analysis table: 52 members, 2 dropped
00:48:19|INFO   |VERDICT: DOES_NOT_SURVIVE (n_members=52, n_lineage=28)
00:48:19|INFO   |method_out.json written; total cost $0.1334; wall clock 13.3 min
